npm notice run dashboard@0.1.0 test
npm notice run vitest run

[1m[30m[46m RUN [49m[39m[22m [36mv4.1.11 [39m[90mD:/kawman-final-complete/dashboard[39m

 [32m✓[39m src/lib/csv.test.ts [2m([22m[2m19 tests[22m[2m)[22m[32m 22[2mms[22m[39m
 [32m✓[39m src/lib/lead-scoring.test.ts [2m([22m[2m11 tests[22m[2m)[22m[32m 28[2mms[22m[39m

[2m Test Files [22m [1m[32m2 passed[39m[22m[90m (2)[39m
[2m      Tests [22m [1m[32m30 passed[39m[22m[90m (30)[39m
[2m   Start at [22m 10:17:37
[2m   Duration [22m 814ms[2m (transform 76ms, setup 0ms, import 119ms, tests 50ms, environment 0ms)[22m

